Archive member included to satisfy reference by file (symbol)

/home/myzhar/Ac6/SystemWorkbench/plugins/fr.ac6.mcu.externaltools.arm-none.linux64_1.7.0.201602291252/tools/compiler/bin/../lib/gcc/arm-none-eabi/5.2.1/../../../../arm-none-eabi/lib/armv7e-m/fpu/libc_nano.a(lib_a-exit.o)
                              /home/myzhar/Ac6/SystemWorkbench/plugins/fr.ac6.mcu.externaltools.arm-none.linux64_1.7.0.201602291252/tools/compiler/bin/../lib/gcc/arm-none-eabi/5.2.1/../../../../arm-none-eabi/lib/armv7e-m/fpu/crt0.o (exit)
/home/myzhar/Ac6/SystemWorkbench/plugins/fr.ac6.mcu.externaltools.arm-none.linux64_1.7.0.201602291252/tools/compiler/bin/../lib/gcc/arm-none-eabi/5.2.1/../../../../arm-none-eabi/lib/armv7e-m/fpu/libc_nano.a(lib_a-impure.o)
                              /home/myzhar/Ac6/SystemWorkbench/plugins/fr.ac6.mcu.externaltools.arm-none.linux64_1.7.0.201602291252/tools/compiler/bin/../lib/gcc/arm-none-eabi/5.2.1/../../../../arm-none-eabi/lib/armv7e-m/fpu/libc_nano.a(lib_a-exit.o) (_global_impure_ptr)
/home/myzhar/Ac6/SystemWorkbench/plugins/fr.ac6.mcu.externaltools.arm-none.linux64_1.7.0.201602291252/tools/compiler/bin/../lib/gcc/arm-none-eabi/5.2.1/../../../../arm-none-eabi/lib/armv7e-m/fpu/libc_nano.a(lib_a-init.o)
                              /home/myzhar/Ac6/SystemWorkbench/plugins/fr.ac6.mcu.externaltools.arm-none.linux64_1.7.0.201602291252/tools/compiler/bin/../lib/gcc/arm-none-eabi/5.2.1/../../../../arm-none-eabi/lib/armv7e-m/fpu/crt0.o (__libc_init_array)
/home/myzhar/Ac6/SystemWorkbench/plugins/fr.ac6.mcu.externaltools.arm-none.linux64_1.7.0.201602291252/tools/compiler/bin/../lib/gcc/arm-none-eabi/5.2.1/../../../../arm-none-eabi/lib/armv7e-m/fpu/libc_nano.a(lib_a-memset.o)
                              /home/myzhar/Ac6/SystemWorkbench/plugins/fr.ac6.mcu.externaltools.arm-none.linux64_1.7.0.201602291252/tools/compiler/bin/../lib/gcc/arm-none-eabi/5.2.1/../../../../arm-none-eabi/lib/armv7e-m/fpu/crt0.o (memset)
/home/myzhar/Ac6/SystemWorkbench/plugins/fr.ac6.mcu.externaltools.arm-none.linux64_1.7.0.201602291252/tools/compiler/bin/../lib/gcc/arm-none-eabi/5.2.1/../../../../arm-none-eabi/lib/armv7e-m/fpu/libnosys.a(_exit.o)
                              /home/myzhar/Ac6/SystemWorkbench/plugins/fr.ac6.mcu.externaltools.arm-none.linux64_1.7.0.201602291252/tools/compiler/bin/../lib/gcc/arm-none-eabi/5.2.1/../../../../arm-none-eabi/lib/armv7e-m/fpu/libc_nano.a(lib_a-exit.o) (_exit)

Allocating common symbols
Common symbol       size              file

hdma_usart2_rx      0x60              Application/User/usart.o
hi2c3               0x54              Application/User/i2c.o
htim4               0x3c              Application/User/tim.o
htim10              0x3c              Application/User/tim.o
uwTick              0x4               Drivers/STM32F4xx_HAL_Driver/stm32f4xx_hal.o
pFlash              0x20              Drivers/STM32F4xx_HAL_Driver/stm32f4xx_hal_flash.o
htim5               0x3c              Application/User/tim.o
htim3               0x3c              Application/User/tim.o
hdma_usart1_tx      0x60              Application/User/usart.o
hdma_usart1_rx      0x60              Application/User/usart.o
hdma_usart2_tx      0x60              Application/User/usart.o
huart1              0x40              Application/User/usart.o
htim1               0x3c              Application/User/tim.o
htim9               0x3c              Application/User/tim.o
htim2               0x3c              Application/User/tim.o
huart2              0x40              Application/User/usart.o

Discarded input sections

 .text          0x00000000        0x0 /home/myzhar/Ac6/SystemWorkbench/plugins/fr.ac6.mcu.externaltools.arm-none.linux64_1.7.0.201602291252/tools/compiler/bin/../lib/gcc/arm-none-eabi/5.2.1/armv7e-m/fpu/crti.o
 .data          0x00000000        0x0 /home/myzhar/Ac6/SystemWorkbench/plugins/fr.ac6.mcu.externaltools.arm-none.linux64_1.7.0.201602291252/tools/compiler/bin/../lib/gcc/arm-none-eabi/5.2.1/armv7e-m/fpu/crti.o
 .bss           0x00000000        0x0 /home/myzhar/Ac6/SystemWorkbench/plugins/fr.ac6.mcu.externaltools.arm-none.linux64_1.7.0.201602291252/tools/compiler/bin/../lib/gcc/arm-none-eabi/5.2.1/armv7e-m/fpu/crti.o
 .data          0x00000000        0x4 /home/myzhar/Ac6/SystemWorkbench/plugins/fr.ac6.mcu.externaltools.arm-none.linux64_1.7.0.201602291252/tools/compiler/bin/../lib/gcc/arm-none-eabi/5.2.1/armv7e-m/fpu/crtbegin.o
 .text          0x00000000       0x74 /home/myzhar/Ac6/SystemWorkbench/plugins/fr.ac6.mcu.externaltools.arm-none.linux64_1.7.0.201602291252/tools/compiler/bin/../lib/gcc/arm-none-eabi/5.2.1/../../../../arm-none-eabi/lib/armv7e-m/fpu/crt0.o
 .data          0x00000000        0x0 /home/myzhar/Ac6/SystemWorkbench/plugins/fr.ac6.mcu.externaltools.arm-none.linux64_1.7.0.201602291252/tools/compiler/bin/../lib/gcc/arm-none-eabi/5.2.1/../../../../arm-none-eabi/lib/armv7e-m/fpu/crt0.o
[...]
Memory Configuration

Name             Origin             Length             Attributes
FLASH            0x08000000         0x00080000         xr
RAM              0x20000000         0x00018000         xrw
*default*        0x00000000         0xffffffff

Linker script and memory map

LOAD /home/myzhar/Ac6/SystemWorkbench/plugins/fr.ac6.mcu.externaltools.arm-none.linux64_1.7.0.201602291252/tools/compiler/bin/../lib/gcc/arm-none-eabi/5.2.1/armv7e-m/fpu/crti.o
LOAD /home/myzhar/Ac6/SystemWorkbench/plugins/fr.ac6.mcu.externaltools.arm-none.linux64_1.7.0.201602291252/tools/compiler/bin/../lib/gcc/arm-none-eabi/5.2.1/armv7e-m/fpu/crtbegin.o
LOAD /home/myzhar/Ac6/SystemWorkbench/plugins/fr.ac6.mcu.externaltools.arm-none.linux64_1.7.0.201602291252/tools/compiler/bin/../lib/gcc/arm-none-eabi/5.2.1/../../../../arm-none-eabi/lib/armv7e-m/fpu/crt0.o
LOAD /home/myzhar/Ac6/SystemWorkbench/plugins/fr.ac6.mcu.externaltools.arm-none.linux64_1.7.0.201602291252/tools/compiler/bin/../lib/gcc/arm-none-eabi/5.2.1/../../../../arm-none-eabi/lib/armv7e-m/fpu/libm.a
LOAD Application/SW4STM32/startup_stm32f401xe.o
LOAD Application/User/dma.o
LOAD Application/User/gpio.o
LOAD Application/User/i2c.o
LOAD Application/User/leds_handler.o
LOAD Application/User/main.o
LOAD Application/User/stm32f4xx_hal_msp.o
LOAD Application/User/stm32f4xx_it.o
LOAD Application/User/tim.o
LOAD Application/User/usart.o
LOAD Drivers/CMSIS/system_stm32f4xx.o
LOAD Drivers/STM32F4xx_HAL_Driver/stm32f4xx_hal.o
LOAD Drivers/STM32F4xx_HAL_Driver/stm32f4xx_hal_cortex.o
LOAD Drivers/STM32F4xx_HAL_Driver/stm32f4xx_hal_dma.o
LOAD Drivers/STM32F4xx_HAL_Driver/stm32f4xx_hal_dma_ex.o
LOAD Drivers/STM32F4xx_HAL_Driver/stm32f4xx_hal_flash.o
LOAD Drivers/STM32F4xx_HAL_Driver/stm32f4xx_hal_flash_ex.o
LOAD Drivers/STM32F4xx_HAL_Driver/stm32f4xx_hal_flash_ramfunc.o
LOAD Drivers/STM32F4xx_HAL_Driver/stm32f4xx_hal_gpio.o
LOAD Drivers/STM32F4xx_HAL_Driver/stm32f4xx_hal_i2c.o
LOAD Drivers/STM32F4xx_HAL_Driver/stm32f4xx_hal_i2c_ex.o
LOAD Drivers/STM32F4xx_HAL_Driver/stm32f4xx_hal_pwr.o
LOAD Drivers/STM32F4xx_HAL_Driver/stm32f4xx_hal_pwr_ex.o
LOAD Drivers/STM32F4xx_HAL_Driver/stm32f4xx_hal_rcc.o
LOAD Drivers/STM32F4xx_HAL_Driver/stm32f4xx_hal_rcc_ex.o
LOAD Drivers/STM32F4xx_HAL_Driver/stm32f4xx_hal_tim.o
LOAD Drivers/STM32F4xx_HAL_Driver/stm32f4xx_hal_tim_ex.o
LOAD Drivers/STM32F4xx_HAL_Driver/stm32f4xx_hal_uart.o
START GROUP
LOAD /home/myzhar/Ac6/SystemWorkbench/plugins/fr.ac6.mcu.externaltools.arm-none.linux64_1.7.0.201602291252/tools/compiler/bin/../lib/gcc/arm-none-eabi/5.2.1/armv7e-m/fpu/libgcc.a
LOAD /home/myzhar/Ac6/SystemWorkbench/plugins/fr.ac6.mcu.externaltools.arm-none.linux64_1.7.0.201602291252/tools/compiler/bin/../lib/gcc/arm-none-eabi/5.2.1/../../../../arm-none-eabi/lib/armv7e-m/fpu/libc_nano.a
END GROUP
START GROUP
LOAD /home/myzhar/Ac6/SystemWorkbench/plugins/fr.ac6.mcu.externaltools.arm-none.linux64_1.7.0.201602291252/tools/compiler/bin/../lib/gcc/arm-none-eabi/5.2.1/armv7e-m/fpu/libgcc.a
LOAD /home/myzhar/Ac6/SystemWorkbench/plugins/fr.ac6.mcu.externaltools.arm-none.linux64_1.7.0.201602291252/tools/compiler/bin/../lib/gcc/arm-none-eabi/5.2.1/../../../../arm-none-eabi/lib/armv7e-m/fpu/libc_nano.a
LOAD /home/myzhar/Ac6/SystemWorkbench/plugins/fr.ac6.mcu.externaltools.arm-none.linux64_1.7.0.201602291252/tools/compiler/bin/../lib/gcc/arm-none-eabi/5.2.1/../../../../arm-none-eabi/lib/armv7e-m/fpu/libnosys.a
END GROUP
START GROUP
LOAD /home/myzhar/Ac6/SystemWorkbench/plugins/fr.ac6.mcu.externaltools.arm-none.linux64_1.7.0.201602291252/tools/compiler/bin/../lib/gcc/arm-none-eabi/5.2.1/armv7e-m/fpu/libgcc.a
LOAD /home/myzhar/Ac6/SystemWorkbench/plugins/fr.ac6.mcu.externaltools.arm-none.linux64_1.7.0.201602291252/tools/compiler/bin/../lib/gcc/arm-none-eabi/5.2.1/../../../../arm-none-eabi/lib/armv7e-m/fpu/libc_nano.a
LOAD /home/myzhar/Ac6/SystemWorkbench/plugins/fr.ac6.mcu.externaltools.arm-none.linux64_1.7.0.201602291252/tools/compiler/bin/../lib/gcc/arm-none-eabi/5.2.1/../../../../arm-none-eabi/lib/armv7e-m/fpu/libnosys.a
END GROUP
LOAD /home/myzhar/Ac6/SystemWorkbench/plugins/fr.ac6.mcu.externaltools.arm-none.linux64_1.7.0.201602291252/tools/compiler/bin/../lib/gcc/arm-none-eabi/5.2.1/armv7e-m/fpu/crtend.o
LOAD /home/myzhar/Ac6/SystemWorkbench/plugins/fr.ac6.mcu.externaltools.arm-none.linux64_1.7.0.201602291252/tools/compiler/bin/../lib/gcc/arm-none-eabi/5.2.1/armv7e-m/fpu/crtn.o
                0x20018000                _estack = 0x20018000
                0x00000200                _Min_Heap_Size = 0x200
                0x00000400                _Min_Stack_Size = 0x400

.isr_vector     0x08000000      0x194
                0x08000000                . = ALIGN (0x4)
 *(.isr_vector)
 .isr_vector    0x08000000      0x194 Application/SW4STM32/startup_stm32f401xe.o
                0x08000000                g_pfnVectors
                0x08000194                . = ALIGN (0x4)

.text           0x08000194     0x419c
                0x08000194                . = ALIGN (0x4)
 *(.text)
 .text          0x08000194       0xa4 /home/myzhar/Ac6/SystemWorkbench/plugins/fr.ac6.mcu.externaltools.arm-none.linux64_1.7.0.201602291252/tools/compiler/bin/../lib/gcc/arm-none-eabi/5.2.1/armv7e-m/fpu/crtbegin.o
 *(.text*)
 .text.Reset_Handler
                0x08000238       0x50 Application/SW4STM32/startup_stm32f401xe.o
                0x08000238                Reset_Handler
 .text.Default_Handler
                0x08000288        0x2 Application/SW4STM32/startup_stm32f401xe.o
                0x08000288                RTC_Alarm_IRQHandler
                0x08000288                EXTI2_IRQHandler
                0x08000288                DebugMon_Handler
                0x08000288                SPI4_IRQHandler
                0x08000288                TIM1_CC_IRQHandler
                0x08000288                DMA2_Stream5_IRQHandler
                0x08000288                HardFault_Handler
                0x08000288                PVD_IRQHandler
                0x08000288                SDIO_IRQHandler
                0x08000288                TAMP_STAMP_IRQHandler
                0x08000288                NMI_Handler
                0x08000288                EXTI3_IRQHandler
                0x08000288                TIM1_UP_TIM10_IRQHandler
                0x08000288                EXTI0_IRQHandler
                0x08000288                I2C2_EV_IRQHandler
                0x08000288                DMA1_Stream2_IRQHandler
                0x08000288                FPU_IRQHandler
                0x08000288                UsageFault_Handler
                0x08000288                SPI1_IRQHandler
                0x08000288                DMA2_Stream3_IRQHandler
                0x08000288                USART6_IRQHandler
                0x08000288                DMA2_Stream0_IRQHandler
                0x08000288                I2C1_EV_IRQHandler
                0x08000288                DMA1_Stream1_IRQHandler
                0x08000288                RCC_IRQHandler
                0x08000288                Default_Handler
                0x08000288                EXTI15_10_IRQHandler
                0x08000288                ADC_IRQHandler
                0x08000288                DMA1_Stream7_IRQHandler
                0x08000288                EXTI9_5_IRQHandler
                0x08000288                RTC_WKUP_IRQHandler
                0x08000288                SPI2_IRQHandler
                0x08000288                MemManage_Handler
                0x08000288                DMA1_Stream0_IRQHandler
                0x08000288                EXTI4_IRQHandler
                0x08000288                WWDG_IRQHandler
                0x08000288                OTG_FS_WKUP_IRQHandler
                0x08000288                TIM1_TRG_COM_TIM11_IRQHandler
                0x08000288                EXTI1_IRQHandler
                0x08000288                USART2_IRQHandler
                0x08000288                I2C2_ER_IRQHandler
                0x08000288                DMA2_Stream1_IRQHandler
                0x08000288                FLASH_IRQHandler
                0x08000288                DMA2_Stream4_IRQHandler
                0x08000288                BusFault_Handler
                0x08000288                OTG_FS_IRQHandler
                0x08000288                SPI3_IRQHandler
                0x08000288                DMA1_Stream4_IRQHandler
                0x08000288                I2C1_ER_IRQHandler
                0x08000288                DMA2_Stream6_IRQHandler
                0x08000288                DMA1_Stream3_IRQHandler
 *fill*         0x0800028a        0x2 
 .text.MX_DMA_Init
                0x0800028c       0x78 Application/User/dma.o
                0x0800028c                MX_DMA_Init
 .text.MX_GPIO_Init
                0x08000304       0xcc Application/User/gpio.o
                0x08000304                MX_GPIO_Init
 .text.MX_I2C3_Init
                0x080003d0       0x40 Application/User/i2c.o
                0x080003d0                MX_I2C3_Init
 .text.HAL_I2C_MspInit
                0x08000410       0x90 Application/User/i2c.o
                0x08000410                HAL_I2C_MspInit
 .text.toggleLedNucleo
                0x080004a0       0x10 Application/User/leds_handler.o
                0x080004a0                toggleLedNucleo
 .text.SystemClock_Config
                0x080004b0       0xac Application/User/main.o
                0x080004b0                SystemClock_Config
 .text.startup.main
                0x0800055c       0x44 Application/User/main.o
                0x0800055c                main
 .text.Error_Handler
                0x080005a0        0x2 Application/User/main.o
                0x080005a0                Error_Handler
 .text.assert_failed
                0x080005a2        0x2 Application/User/main.o
                0x080005a2                assert_failed
 .text.HAL_MspInit
                0x080005a4       0x60 Application/User/stm32f4xx_hal_msp.o
                0x080005a4                HAL_MspInit
 .text.SVC_Handler
                0x08000604        0x2 Application/User/stm32f4xx_it.o
                0x08000604                SVC_Handler
 .text.PendSV_Handler
                0x08000606        0x2 Application/User/stm32f4xx_it.o
                0x08000606                PendSV_Handler
 .text.SysTick_Handler
                0x08000608        0xe Application/User/stm32f4xx_it.o
                0x08000608                SysTick_Handler
 *fill*         0x08000616        0x2 
 .text.DMA1_Stream5_IRQHandler
                0x08000618        0xc Application/User/stm32f4xx_it.o
                0x08000618                DMA1_Stream5_IRQHandler
 .text.DMA1_Stream6_IRQHandler
                0x08000624        0xc Application/User/stm32f4xx_it.o
                0x08000624                DMA1_Stream6_IRQHandler
 .text.TIM1_BRK_TIM9_IRQHandler
                0x08000630       0x1c Application/User/stm32f4xx_it.o
                0x08000630                TIM1_BRK_TIM9_IRQHandler
 .text.TIM2_IRQHandler
                0x0800064c        0xc Application/User/stm32f4xx_it.o
                0x0800064c                TIM2_IRQHandler
 .text.TIM3_IRQHandler
                0x08000658        0xc Application/User/stm32f4xx_it.o
                0x08000658                TIM3_IRQHandler
 .text.TIM4_IRQHandler
                0x08000664        0xc Application/User/stm32f4xx_it.o
                0x08000664                TIM4_IRQHandler
 .text.USART1_IRQHandler
                0x08000670        0xc Application/User/stm32f4xx_it.o
                0x08000670                USART1_IRQHandler
 .text.TIM5_IRQHandler
                0x0800067c        0xc Application/User/stm32f4xx_it.o
                0x0800067c                TIM5_IRQHandler
 .text.DMA2_Stream2_IRQHandler
                0x08000688        0xc Application/User/stm32f4xx_it.o
                0x08000688                DMA2_Stream2_IRQHandler
 .text.DMA2_Stream7_IRQHandler
                0x08000694        0xc Application/User/stm32f4xx_it.o
                0x08000694                DMA2_Stream7_IRQHandler
 .text.I2C3_EV_IRQHandler
                0x080006a0        0xc Application/User/stm32f4xx_it.o
                0x080006a0                I2C3_EV_IRQHandler
 .text.I2C3_ER_IRQHandler
                0x080006ac        0xc Application/User/stm32f4xx_it.o
                0x080006ac                I2C3_ER_IRQHandler
 .text.MX_TIM2_Init
                0x080006b8       0xb0 Application/User/tim.o
                0x080006b8                MX_TIM2_Init
 .text.MX_TIM3_Init
                0x08000768       0xb4 Application/User/tim.o
                0x08000768                MX_TIM3_Init
 .text.MX_TIM4_Init
                0x0800081c       0xb4 Application/User/tim.o
                0x0800081c                MX_TIM4_Init
 .text.MX_TIM5_Init
                0x080008d0       0xb4 Application/User/tim.o
                0x080008d0                MX_TIM5_Init
 .text.MX_TIM9_Init
                0x08000984       0x48 Application/User/tim.o
                0x08000984                MX_TIM9_Init
 .text.HAL_TIM_PWM_MspInit
                0x080009cc       0x3c Application/User/tim.o
                0x080009cc                HAL_TIM_PWM_MspInit
 .text.HAL_TIM_Base_MspInit
                0x08000a08      0x180 Application/User/tim.o
                0x08000a08                HAL_TIM_Base_MspInit
 .text.HAL_TIM_MspPostInit
                0x08000b88       0x5c Application/User/tim.o
                0x08000b88                HAL_TIM_MspPostInit
 .text.MX_TIM1_Init
                0x08000be4       0x94 Application/User/tim.o
                0x08000be4                MX_TIM1_Init
 .text.MX_USART1_UART_Init
                0x08000c78       0x38 Application/User/usart.o
                0x08000c78                MX_USART1_UART_Init
 .text.MX_USART2_UART_Init
                0x08000cb0       0x38 Application/User/usart.o
                0x08000cb0                MX_USART2_UART_Init
 .text.HAL_UART_MspInit
                0x08000ce8      0x188 Application/User/usart.o
                0x08000ce8                HAL_UART_MspInit
 .text.SystemInit
                0x08000e70       0x4c Drivers/CMSIS/system_stm32f4xx.o
                0x08000e70                SystemInit
 .text.HAL_InitTick
                0x08000ebc       0x28 Drivers/STM32F4xx_HAL_Driver/stm32f4xx_hal.o
                0x08000ebc                HAL_InitTick
 .text.HAL_Init
                0x08000ee4       0x34 Drivers/STM32F4xx_HAL_Driver/stm32f4xx_hal.o
                0x08000ee4                HAL_Init
 .text.HAL_IncTick
                0x08000f18       0x10 Drivers/STM32F4xx_HAL_Driver/stm32f4xx_hal.o
                0x08000f18                HAL_IncTick
 .text.HAL_GetTick
                0x08000f28        0xc Drivers/STM32F4xx_HAL_Driver/stm32f4xx_hal.o
                0x08000f28                HAL_GetTick
 .text.HAL_Delay
                0x08000f34       0x1a Drivers/STM32F4xx_HAL_Driver/stm32f4xx_hal.o
                0x08000f34                HAL_Delay
 *fill*         0x08000f4e        0x2 
 .text.HAL_NVIC_SetPriorityGrouping
                0x08000f50       0x38 Drivers/STM32F4xx_HAL_Driver/stm32f4xx_hal_cortex.o
                0x08000f50                HAL_NVIC_SetPriorityGrouping
 .text.HAL_NVIC_SetPriority
                0x08000f88       0x88 Drivers/STM32F4xx_HAL_Driver/stm32f4xx_hal_cortex.o
                0x08000f88                HAL_NVIC_SetPriority
 .text.HAL_NVIC_EnableIRQ
                0x08001010       0x2c Drivers/STM32F4xx_HAL_Driver/stm32f4xx_hal_cortex.o
                0x08001010                HAL_NVIC_EnableIRQ
 .text.HAL_SYSTICK_Config
                0x0800103c       0x2c Drivers/STM32F4xx_HAL_Driver/stm32f4xx_hal_cortex.o
                0x0800103c                HAL_SYSTICK_Config
 .text.HAL_SYSTICK_CLKSourceConfig
                0x08001068       0x30 Drivers/STM32F4xx_HAL_Driver/stm32f4xx_hal_cortex.o
                0x08001068                HAL_SYSTICK_CLKSourceConfig
 .text.HAL_SYSTICK_Callback
                0x08001098        0x2 Drivers/STM32F4xx_HAL_Driver/stm32f4xx_hal_cortex.o
                0x08001098                HAL_SYSTICK_Callback
 .text.HAL_SYSTICK_IRQHandler
                0x0800109a        0x8 Drivers/STM32F4xx_HAL_Driver/stm32f4xx_hal_cortex.o
                0x0800109a                HAL_SYSTICK_IRQHandler
 *fill*         0x080010a2        0x2 
 .text.DMA_CalcBaseAndBitshift
                0x080010a4       0x2c Drivers/STM32F4xx_HAL_Driver/stm32f4xx_hal_dma.o
 .text.HAL_DMA_Init
                0x080010d0      0x240 Drivers/STM32F4xx_HAL_Driver/stm32f4xx_hal_dma.o
                0x080010d0                HAL_DMA_Init
 .text.HAL_DMA_Abort_IT
                0x08001310       0x24 Drivers/STM32F4xx_HAL_Driver/stm32f4xx_hal_dma.o
                0x08001310                HAL_DMA_Abort_IT
 .text.HAL_DMA_IRQHandler
                0x08001334      0x17c Drivers/STM32F4xx_HAL_Driver/stm32f4xx_hal_dma.o
                0x08001334                HAL_DMA_IRQHandler
 .text.HAL_GPIO_Init
                0x080014b0      0x248 Drivers/STM32F4xx_HAL_Driver/stm32f4xx_hal_gpio.o
                0x080014b0                HAL_GPIO_Init
 .text.HAL_GPIO_WritePin
                0x080016f8       0x30 Drivers/STM32F4xx_HAL_Driver/stm32f4xx_hal_gpio.o
                0x080016f8                HAL_GPIO_WritePin
 .text.HAL_I2C_Init
                0x08001728      0x1a8 Drivers/STM32F4xx_HAL_Driver/stm32f4xx_hal_i2c.o
                0x08001728                HAL_I2C_Init
 .text.HAL_I2C_MasterTxCpltCallback
                0x080018d0        0x2 Drivers/STM32F4xx_HAL_Driver/stm32f4xx_hal_i2c.o
                0x080018d0                HAL_I2C_MasterTxCpltCallback
 .text.HAL_I2C_MasterRxCpltCallback
                0x080018d2        0x2 Drivers/STM32F4xx_HAL_Driver/stm32f4xx_hal_i2c.o
                0x080018d2                HAL_I2C_MasterRxCpltCallback
 .text.HAL_I2C_SlaveTxCpltCallback
                0x080018d4        0x2 Drivers/STM32F4xx_HAL_Driver/stm32f4xx_hal_i2c.o
                0x080018d4                HAL_I2C_SlaveTxCpltCallback
 .text.HAL_I2C_SlaveRxCpltCallback
                0x080018d6        0x2 Drivers/STM32F4xx_HAL_Driver/stm32f4xx_hal_i2c.o
                0x080018d6                HAL_I2C_SlaveRxCpltCallback
 .text.HAL_I2C_AddrCallback
                0x080018d8        0x2 Drivers/STM32F4xx_HAL_Driver/stm32f4xx_hal_i2c.o
                0x080018d8                HAL_I2C_AddrCallback
 .text.HAL_I2C_ListenCpltCallback
                0x080018da        0x2 Drivers/STM32F4xx_HAL_Driver/stm32f4xx_hal_i2c.o
                0x080018da                HAL_I2C_ListenCpltCallback
 .text.HAL_I2C_MemTxCpltCallback
                0x080018dc        0x2 Drivers/STM32F4xx_HAL_Driver/stm32f4xx_hal_i2c.o
                0x080018dc                HAL_I2C_MemTxCpltCallback
 .text.HAL_I2C_MemRxCpltCallback
                0x080018de        0x2 Drivers/STM32F4xx_HAL_Driver/stm32f4xx_hal_i2c.o
                0x080018de                HAL_I2C_MemRxCpltCallback
 .text.HAL_I2C_EV_IRQHandler
                0x080018e0      0x644 Drivers/STM32F4xx_HAL_Driver/stm32f4xx_hal_i2c.o
                0x080018e0                HAL_I2C_EV_IRQHandler
 .text.HAL_I2C_ErrorCallback
                0x08001f24        0x2 Drivers/STM32F4xx_HAL_Driver/stm32f4xx_hal_i2c.o
                0x08001f24                HAL_I2C_ErrorCallback
 .text.HAL_I2C_AbortCpltCallback
                0x08001f26        0x2 Drivers/STM32F4xx_HAL_Driver/stm32f4xx_hal_i2c.o
                0x08001f26                HAL_I2C_AbortCpltCallback
 .text.HAL_I2C_ER_IRQHandler
                0x08001f28      0x1e4 Drivers/STM32F4xx_HAL_Driver/stm32f4xx_hal_i2c.o
                0x08001f28                HAL_I2C_ER_IRQHandler
 .text.I2C_DMAAbort
                0x0800210c       0x3a Drivers/STM32F4xx_HAL_Driver/stm32f4xx_hal_i2c.o
 *fill*         0x08002146        0x2 
 .text.HAL_RCC_OscConfig
                0x08002148      0x3c0 Drivers/STM32F4xx_HAL_Driver/stm32f4xx_hal_rcc.o
                0x08002148                HAL_RCC_OscConfig
 .text.HAL_RCC_GetSysClockFreq
                0x08002508       0x7c Drivers/STM32F4xx_HAL_Driver/stm32f4xx_hal_rcc.o
                0x08002508                HAL_RCC_GetSysClockFreq
 .text.HAL_RCC_ClockConfig
                0x08002584      0x214 Drivers/STM32F4xx_HAL_Driver/stm32f4xx_hal_rcc.o
                0x08002584                HAL_RCC_ClockConfig
 .text.HAL_RCC_GetHCLKFreq
                0x08002798        0xc Drivers/STM32F4xx_HAL_Driver/stm32f4xx_hal_rcc.o
                0x08002798                HAL_RCC_GetHCLKFreq
 .text.HAL_RCC_GetPCLK1Freq
                0x080027a4       0x30 Drivers/STM32F4xx_HAL_Driver/stm32f4xx_hal_rcc.o
                0x080027a4                HAL_RCC_GetPCLK1Freq
 .text.HAL_RCC_GetPCLK2Freq
                0x080027d4       0x30 Drivers/STM32F4xx_HAL_Driver/stm32f4xx_hal_rcc.o
                0x080027d4                HAL_RCC_GetPCLK2Freq
 .text.TIM_OC1_SetConfig
                0x08002804       0x50 Drivers/STM32F4xx_HAL_Driver/stm32f4xx_hal_tim.o
 .text.TIM_OC3_SetConfig
                0x08002854       0x9c Drivers/STM32F4xx_HAL_Driver/stm32f4xx_hal_tim.o
 .text.TIM_OC4_SetConfig
                0x080028f0       0x68 Drivers/STM32F4xx_HAL_Driver/stm32f4xx_hal_tim.o
 .text.TIM_SlaveTimer_SetConfig
                0x08002958      0x344 Drivers/STM32F4xx_HAL_Driver/stm32f4xx_hal_tim.o
 .text.HAL_TIM_IC_MspInit
                0x08002c9c        0x2 Drivers/STM32F4xx_HAL_Driver/stm32f4xx_hal_tim.o
                0x08002c9c                HAL_TIM_IC_MspInit
 *fill*         0x08002c9e        0x2 
 .text.HAL_TIM_ConfigClockSource
                0x08002ca0      0x50c Drivers/STM32F4xx_HAL_Driver/stm32f4xx_hal_tim.o
                0x08002ca0                HAL_TIM_ConfigClockSource
 .text.HAL_TIM_SlaveConfigSynchronization
                0x080031ac       0xac Drivers/STM32F4xx_HAL_Driver/stm32f4xx_hal_tim.o
                0x080031ac                HAL_TIM_SlaveConfigSynchronization
 .text.HAL_TIM_PeriodElapsedCallback
                0x08003258        0x2 Drivers/STM32F4xx_HAL_Driver/stm32f4xx_hal_tim.o
                0x08003258                HAL_TIM_PeriodElapsedCallback
 .text.HAL_TIM_OC_DelayElapsedCallback
                0x0800325a        0x2 Drivers/STM32F4xx_HAL_Driver/stm32f4xx_hal_tim.o
                0x0800325a                HAL_TIM_OC_DelayElapsedCallback
 .text.HAL_TIM_IC_CaptureCallback
                0x0800325c        0x2 Drivers/STM32F4xx_HAL_Driver/stm32f4xx_hal_tim.o
                0x0800325c                HAL_TIM_IC_CaptureCallback
 .text.HAL_TIM_PWM_PulseFinishedCallback
                0x0800325e        0x2 Drivers/STM32F4xx_HAL_Driver/stm32f4xx_hal_tim.o
                0x0800325e                HAL_TIM_PWM_PulseFinishedCallback
 .text.HAL_TIM_TriggerCallback
                0x08003260        0x2 Drivers/STM32F4xx_HAL_Driver/stm32f4xx_hal_tim.o
                0x08003260                HAL_TIM_TriggerCallback
 .text.HAL_TIM_IRQHandler
                0x08003262      0x144 Drivers/STM32F4xx_HAL_Driver/stm32f4xx_hal_tim.o
                0x08003262                HAL_TIM_IRQHandler
 *fill*         0x080033a6        0x2 
 .text.TIM_Base_SetConfig
                0x080033a8       0x98 Drivers/STM32F4xx_HAL_Driver/stm32f4xx_hal_tim.o
                0x080033a8                TIM_Base_SetConfig
 .text.HAL_TIM_Base_Init
                0x08003440       0xb8 Drivers/STM32F4xx_HAL_Driver/stm32f4xx_hal_tim.o
                0x08003440                HAL_TIM_Base_Init
 .text.HAL_TIM_PWM_Init
                0x080034f8       0xc0 Drivers/STM32F4xx_HAL_Driver/stm32f4xx_hal_tim.o
                0x080034f8                HAL_TIM_PWM_Init
 .text.HAL_TIM_IC_Init
                0x080035b8       0xc0 Drivers/STM32F4xx_HAL_Driver/stm32f4xx_hal_tim.o
                0x080035b8                HAL_TIM_IC_Init
 .text.TIM_TI1_SetConfig
                0x08003678       0x64 Drivers/STM32F4xx_HAL_Driver/stm32f4xx_hal_tim.o
                0x08003678                TIM_TI1_SetConfig
 .text.HAL_TIM_IC_ConfigChannel
                0x080036dc      0x258 Drivers/STM32F4xx_HAL_Driver/stm32f4xx_hal_tim.o
                0x080036dc                HAL_TIM_IC_ConfigChannel
 .text.TIM_OC2_SetConfig
                0x08003934       0x7c Drivers/STM32F4xx_HAL_Driver/stm32f4xx_hal_tim.o
                0x08003934                TIM_OC2_SetConfig
 .text.HAL_TIM_PWM_ConfigChannel
                0x080039b0      0x210 Drivers/STM32F4xx_HAL_Driver/stm32f4xx_hal_tim.o
                0x080039b0                HAL_TIM_PWM_ConfigChannel
 .text.HAL_TIMEx_MasterConfigSynchronization
                0x08003bc0       0xb0 Drivers/STM32F4xx_HAL_Driver/stm32f4xx_hal_tim_ex.o
                0x08003bc0                HAL_TIMEx_MasterConfigSynchronization
 .text.HAL_TIMEx_ConfigBreakDeadTime
                0x08003c70       0xf8 Drivers/STM32F4xx_HAL_Driver/stm32f4xx_hal_tim_ex.o
                0x08003c70                HAL_TIMEx_ConfigBreakDeadTime
 .text.HAL_TIMEx_CommutationCallback
                0x08003d68        0x2 Drivers/STM32F4xx_HAL_Driver/stm32f4xx_hal_tim_ex.o
                0x08003d68                HAL_TIMEx_CommutationCallback
 .text.HAL_TIMEx_BreakCallback
                0x08003d6a        0x2 Drivers/STM32F4xx_HAL_Driver/stm32f4xx_hal_tim_ex.o
                0x08003d6a                HAL_TIMEx_BreakCallback
 .text.UART_EndRxTransfer
                0x08003d6c       0x1a Drivers/STM32F4xx_HAL_Driver/stm32f4xx_hal_uart.o
 *fill*         0x08003d86        0x2 
 .text.UART_SetConfig
                0x08003d88      0x298 Drivers/STM32F4xx_HAL_Driver/stm32f4xx_hal_uart.o
 .text.HAL_UART_Init
                0x08004020       0xdc Drivers/STM32F4xx_HAL_Driver/stm32f4xx_hal_uart.o
                0x08004020                HAL_UART_Init
 .text.HAL_UART_TxCpltCallback
                0x080040fc        0x2 Drivers/STM32F4xx_HAL_Driver/stm32f4xx_hal_uart.o
                0x080040fc                HAL_UART_TxCpltCallback
 .text.HAL_UART_RxCpltCallback
                0x080040fe        0x2 Drivers/STM32F4xx_HAL_Driver/stm32f4xx_hal_uart.o
                0x080040fe                HAL_UART_RxCpltCallback
 .text.UART_Receive_IT
                0x08004100       0x78 Drivers/STM32F4xx_HAL_Driver/stm32f4xx_hal_uart.o
 .text.HAL_UART_ErrorCallback
                0x08004178        0x2 Drivers/STM32F4xx_HAL_Driver/stm32f4xx_hal_uart.o
                0x08004178                HAL_UART_ErrorCallback
 *fill*         0x0800417a        0x2 
 .text.HAL_UART_IRQHandler
                0x0800417c      0x140 Drivers/STM32F4xx_HAL_Driver/stm32f4xx_hal_uart.o
                0x0800417c                HAL_UART_IRQHandler
 .text.UART_DMAAbortOnError
                0x080042bc       0x10 Drivers/STM32F4xx_HAL_Driver/stm32f4xx_hal_uart.o
 .text.__libc_init_array
                0x080042cc       0x4c /home/myzhar/Ac6/SystemWorkbench/plugins/fr.ac6.mcu.externaltools.arm-none.linux64_1.7.0.201602291252/tools/compiler/bin/../lib/gcc/arm-none-eabi/5.2.1/../../../../arm-none-eabi/lib/armv7e-m/fpu/libc_nano.a(lib_a-init.o)
                0x080042cc                __libc_init_array
 *(.glue_7)
 .glue_7        0x08004318        0x0 linker stubs
 *(.glue_7t)
 .glue_7t       0x08004318        0x0 linker stubs
 *(.eh_frame)
 .eh_frame      0x08004318        0x0 /home/myzhar/Ac6/SystemWorkbench/plugins/fr.ac6.mcu.externaltools.arm-none.linux64_1.7.0.201602291252/tools/compiler/bin/../lib/gcc/arm-none-eabi/5.2.1/armv7e-m/fpu/crtbegin.o
 *(.init)
 .init          0x08004318        0x4 /home/myzhar/Ac6/SystemWorkbench/plugins/fr.ac6.mcu.externaltools.arm-none.linux64_1.7.0.201602291252/tools/compiler/bin/../lib/gcc/arm-none-eabi/5.2.1/armv7e-m/fpu/crti.o
                0x08004318                _init
 .init          0x0800431c        0x8 /home/myzhar/Ac6/SystemWorkbench/plugins/fr.ac6.mcu.externaltools.arm-none.linux64_1.7.0.201602291252/tools/compiler/bin/../lib/gcc/arm-none-eabi/5.2.1/armv7e-m/fpu/crtn.o
 *(.fini)
 .fini          0x08004324        0x4 /home/myzhar/Ac6/SystemWorkbench/plugins/fr.ac6.mcu.externaltools.arm-none.linux64_1.7.0.201602291252/tools/compiler/bin/../lib/gcc/arm-none-eabi/5.2.1/armv7e-m/fpu/crti.o
                0x08004324                _fini
 .fini          0x08004328        0x8 /home/myzhar/Ac6/SystemWorkbench/plugins/fr.ac6.mcu.externaltools.arm-none.linux64_1.7.0.201602291252/tools/compiler/bin/../lib/gcc/arm-none-eabi/5.2.1/armv7e-m/fpu/crtn.o
                0x08004330                . = ALIGN (0x4)
                0x08004330                _etext = .

.vfp11_veneer   0x08004330        0x0
 .vfp11_veneer  0x08004330        0x0 linker stubs

.v4_bx          0x08004330        0x0
 .v4_bx         0x08004330        0x0 linker stubs

.iplt           0x08004330        0x0
 .iplt          0x08004330        0x0 /home/myzhar/Ac6/SystemWorkbench/plugins/fr.ac6.mcu.externaltools.arm-none.linux64_1.7.0.201602291252/tools/compiler/bin/../lib/gcc/arm-none-eabi/5.2.1/armv7e-m/fpu/crtbegin.o

.rodata         0x08004330      0x400
                0x08004330                . = ALIGN (0x4)
 *(.rodata)
 .rodata        0x08004330        0x8 Drivers/STM32F4xx_HAL_Driver/stm32f4xx_hal_dma.o
 .rodata        0x08004338       0x10 Drivers/STM32F4xx_HAL_Driver/stm32f4xx_hal_rcc.o
                0x08004338                APBAHBPrescTable
 *(.rodata*)
 .rodata.str1.1
                0x08004348       0x7f Drivers/STM32F4xx_HAL_Driver/stm32f4xx_hal_cortex.o
 .rodata.str1.1
                0x080043c7       0x7c Drivers/STM32F4xx_HAL_Driver/stm32f4xx_hal_dma.o
 .rodata.str1.1
                0x08004443       0x7d Drivers/STM32F4xx_HAL_Driver/stm32f4xx_hal_gpio.o
 .rodata.str1.1
                0x080044c0       0x7c Drivers/STM32F4xx_HAL_Driver/stm32f4xx_hal_i2c.o
 .rodata.str1.1
                0x0800453c       0x7c Drivers/STM32F4xx_HAL_Driver/stm32f4xx_hal_rcc.o
 .rodata.str1.1
                0x080045b8       0x7c Drivers/STM32F4xx_HAL_Driver/stm32f4xx_hal_tim.o
 .rodata.str1.1
                0x08004634       0x7f Drivers/STM32F4xx_HAL_Driver/stm32f4xx_hal_tim_ex.o
 .rodata.str1.1
                0x080046b3       0x7d Drivers/STM32F4xx_HAL_Driver/stm32f4xx_hal_uart.o
                0x08004730                . = ALIGN (0x4)

.rel.dyn        0x08004730        0x0
 .rel.iplt      0x08004730        0x0 /home/myzhar/Ac6/SystemWorkbench/plugins/fr.ac6.mcu.externaltools.arm-none.linux64_1.7.0.201602291252/tools/compiler/bin/../lib/gcc/arm-none-eabi/5.2.1/armv7e-m/fpu/crtbegin.o

.ARM.extab
 *(.ARM.extab* .gnu.linkonce.armextab.*)

.ARM            0x08004730        0x0
                0x08004730                __exidx_start = .
 *(.ARM.exidx*)
                0x08004730                __exidx_end = .

.preinit_array  0x08004730        0x0
                0x08004730                PROVIDE (__preinit_array_start, .)
 *(.preinit_array*)
                0x08004730                PROVIDE (__preinit_array_end, .)

.init_array     0x08004730        0x4
                0x08004730                PROVIDE (__init_array_start, .)
 *(SORT(.init_array.*))
 *(.init_array*)
 .init_array    0x08004730        0x4 /home/myzhar/Ac6/SystemWorkbench/plugins/fr.ac6.mcu.externaltools.arm-none.linux64_1.7.0.201602291252/tools/compiler/bin/../lib/gcc/arm-none-eabi/5.2.1/armv7e-m/fpu/crtbegin.o
                0x08004734                PROVIDE (__init_array_end, .)

.fini_array     0x08004734        0x4
                [!provide]                PROVIDE (__fini_array_start, .)
 *(SORT(.fini_array.*))
 *(.fini_array*)
 .fini_array    0x08004734        0x4 /home/myzhar/Ac6/SystemWorkbench/plugins/fr.ac6.mcu.externaltools.arm-none.linux64_1.7.0.201602291252/tools/compiler/bin/../lib/gcc/arm-none-eabi/5.2.1/armv7e-m/fpu/crtbegin.o
                [!provide]                PROVIDE (__fini_array_end, .)
                0x08004738                _sidata = LOADADDR (.data)

.data           0x20000000        0x4 load address 0x08004738
                0x20000000                . = ALIGN (0x4)
                0x20000000                _sdata = .
 *(.data)
 .data          0x20000000        0x4 Drivers/CMSIS/system_stm32f4xx.o
                0x20000000                SystemCoreClock
 *(.data*)
                0x20000004                . = ALIGN (0x4)
                0x20000004                _edata = .

.jcr            0x20000004        0x0 load address 0x0800473c
 .jcr           0x20000004        0x0 /home/myzhar/Ac6/SystemWorkbench/plugins/fr.ac6.mcu.externaltools.arm-none.linux64_1.7.0.201602291252/tools/compiler/bin/../lib/gcc/arm-none-eabi/5.2.1/armv7e-m/fpu/crtbegin.o

.tm_clone_table
                0x20000004        0x0 load address 0x0800473c
 .tm_clone_table
                0x20000004        0x0 /home/myzhar/Ac6/SystemWorkbench/plugins/fr.ac6.mcu.externaltools.arm-none.linux64_1.7.0.201602291252/tools/compiler/bin/../lib/gcc/arm-none-eabi/5.2.1/armv7e-m/fpu/crtbegin.o
 .tm_clone_table
                0x20000004        0x0 /home/myzhar/Ac6/SystemWorkbench/plugins/fr.ac6.mcu.externaltools.arm-none.linux64_1.7.0.201602291252/tools/compiler/bin/../lib/gcc/arm-none-eabi/5.2.1/armv7e-m/fpu/crtend.o

.igot.plt       0x20000004        0x0 load address 0x0800473c
 .igot.plt      0x20000004        0x0 /home/myzhar/Ac6/SystemWorkbench/plugins/fr.ac6.mcu.externaltools.arm-none.linux64_1.7.0.201602291252/tools/compiler/bin/../lib/gcc/arm-none-eabi/5.2.1/armv7e-m/fpu/crtbegin.o
                0x20000004                . = ALIGN (0x4)

.bss            0x20000004      0x418 load address 0x0800473c
                0x20000004                _sbss = .
                0x20000004                __bss_start__ = _sbss
 *(.bss)
 .bss           0x20000004       0x1c /home/myzhar/Ac6/SystemWorkbench/plugins/fr.ac6.mcu.externaltools.arm-none.linux64_1.7.0.201602291252/tools/compiler/bin/../lib/gcc/arm-none-eabi/5.2.1/armv7e-m/fpu/crtbegin.o
 *(.bss*)
 *(COMMON)
 COMMON         0x20000020       0x54 Application/User/i2c.o
                0x20000020                hi2c3
 COMMON         0x20000074      0x1a4 Application/User/tim.o
                0x20000074                htim4
                0x200000b0                htim10
                0x200000ec                htim5
                0x20000128                htim3
                0x20000164                htim1
                0x200001a0                htim9
                0x200001dc                htim2
 COMMON         0x20000218      0x200 Application/User/usart.o
                0x20000218                hdma_usart2_rx
                0x20000278                hdma_usart1_tx
                0x200002d8                hdma_usart1_rx
                0x20000338                hdma_usart2_tx
                0x20000398                huart1
                0x200003d8                huart2
 COMMON         0x20000418        0x4 Drivers/STM32F4xx_HAL_Driver/stm32f4xx_hal.o
                0x20000418                uwTick
                0x2000041c                . = ALIGN (0x4)
                0x2000041c                _ebss = .
                0x2000041c                __bss_end__ = _ebss

._user_heap_stack
                0x2000041c      0x604 load address 0x0800473c
                0x20000420                . = ALIGN (0x8)
 *fill*         0x2000041c        0x4 
                [!provide]                PROVIDE (end, .)
                [!provide]                PROVIDE (_end, .)
                0x20000620                . = (. + _Min_Heap_Size)
 *fill*         0x20000420      0x200 
                0x20000a20                . = (. + _Min_Stack_Size)
 *fill*         0x20000620      0x400 
                0x20000a20                . = ALIGN (0x8)

/DISCARD/
 libc.a(*)
 libm.a(*)
 libgcc.a(*)

.ARM.attributes
                0x00000000       0x30
 *(.ARM.attributes)
 .ARM.attributes
                0x00000000       0x22 /home/myzhar/Ac6/SystemWorkbench/plugins/fr.ac6.mcu.externaltools.arm-none.linux64_1.7.0.201602291252/tools/compiler/bin/../lib/gcc/arm-none-eabi/5.2.1/armv7e-m/fpu/crti.o
 .ARM.attributes
                0x00000022       0x34 /home/myzhar/Ac6/SystemWorkbench/plugins/fr.ac6.mcu.externaltools.arm-none.linux64_1.7.0.201602291252/tools/compiler/bin/../lib/gcc/arm-none-eabi/5.2.1/armv7e-m/fpu/crtbegin.o
 .ARM.attributes
                0x00000056       0x21 Application/SW4STM32/startup_stm32f401xe.o
 .ARM.attributes
                0x00000077       0x39 Application/User/dma.o
 .ARM.attributes
                0x000000b0       0x39 Application/User/gpio.o
 .ARM.attributes
                0x000000e9       0x39 Application/User/i2c.o
 .ARM.attributes
                0x00000122       0x39 Application/User/leds_handler.o
 .ARM.attributes
                0x0000015b       0x39 Application/User/main.o
 .ARM.attributes
                0x00000194       0x39 Application/User/stm32f4xx_hal_msp.o
 .ARM.attributes
                0x000001cd       0x39 Application/User/stm32f4xx_it.o
 .ARM.attributes
                0x00000206       0x39 Application/User/tim.o
 .ARM.attributes
                0x0000023f       0x39 Application/User/usart.o
 .ARM.attributes
                0x00000278       0x39 Drivers/CMSIS/system_stm32f4xx.o
 .ARM.attributes
                0x000002b1       0x39 Drivers/STM32F4xx_HAL_Driver/stm32f4xx_hal.o
 .ARM.attributes
                0x000002ea       0x39 Drivers/STM32F4xx_HAL_Driver/stm32f4xx_hal_cortex.o
 .ARM.attributes
                0x00000323       0x39 Drivers/STM32F4xx_HAL_Driver/stm32f4xx_hal_dma.o
 .ARM.attributes
                0x0000035c       0x39 Drivers/STM32F4xx_HAL_Driver/stm32f4xx_hal_gpio.o
 .ARM.attributes
                0x00000395       0x39 Drivers/STM32F4xx_HAL_Driver/stm32f4xx_hal_i2c.o
 .ARM.attributes
                0x000003ce       0x39 Drivers/STM32F4xx_HAL_Driver/stm32f4xx_hal_rcc.o
 .ARM.attributes
                0x00000407       0x39 Drivers/STM32F4xx_HAL_Driver/stm32f4xx_hal_tim.o
 .ARM.attributes
                0x00000440       0x39 Drivers/STM32F4xx_HAL_Driver/stm32f4xx_hal_tim_ex.o
 .ARM.attributes
                0x00000479       0x39 Drivers/STM32F4xx_HAL_Driver/stm32f4xx_hal_uart.o
 .ARM.attributes
                0x000004b2       0x34 /home/myzhar/Ac6/SystemWorkbench/plugins/fr.ac6.mcu.externaltools.arm-none.linux64_1.7.0.201602291252/tools/compiler/bin/../lib/gcc/arm-none-eabi/5.2.1/../../../../arm-none-eabi/lib/armv7e-m/fpu/libc_nano.a(lib_a-init.o)
 .ARM.attributes
                0x000004e6       0x34 /home/myzhar/Ac6/SystemWorkbench/plugins/fr.ac6.mcu.externaltools.arm-none.linux64_1.7.0.201602291252/tools/compiler/bin/../lib/gcc/arm-none-eabi/5.2.1/armv7e-m/fpu/crtend.o
 .ARM.attributes
                0x0000051a       0x22 /home/myzhar/Ac6/SystemWorkbench/plugins/fr.ac6.mcu.externaltools.arm-none.linux64_1.7.0.201602291252/tools/compiler/bin/../lib/gcc/arm-none-eabi/5.2.1/armv7e-m/fpu/crtn.o
OUTPUT(FW-rs_sensor_board.elf elf32-littlearm)

.debug_line     0x00000000    0x100f5
 .debug_line    0x00000000       0xf2 Application/SW4STM32/startup_stm32f401xe.o
 .debug_line    0x000000f2      0x8b1 Application/User/dma.o
 .debug_line    0x000009a3      0x8ca Application/User/gpio.o
 .debug_line    0x0000126d      0x90f Application/User/i2c.o
 .debug_line    0x00001b7c      0x897 Application/User/leds_handler.o
 .debug_line    0x00002413      0x94e Application/User/main.o
 .debug_line    0x00002d61      0x8b1 Application/User/stm32f4xx_hal_msp.o
 .debug_line    0x00003612      0x998 Application/User/stm32f4xx_it.o
 .debug_line    0x00003faa      0xb12 Application/User/tim.o
 .debug_line    0x00004abc      0x9a1 Application/User/usart.o
 .debug_line    0x0000545d      0x909 Drivers/CMSIS/system_stm32f4xx.o
 .debug_line    0x00005d66      0xa39 Drivers/STM32F4xx_HAL_Driver/stm32f4xx_hal.o
 .debug_line    0x0000679f      0xb4e Drivers/STM32F4xx_HAL_Driver/stm32f4xx_hal_cortex.o
 .debug_line    0x000072ed      0xca3 Drivers/STM32F4xx_HAL_Driver/stm32f4xx_hal_dma.o
 .debug_line    0x00007f90      0xb38 Drivers/STM32F4xx_HAL_Driver/stm32f4xx_hal_gpio.o
 .debug_line    0x00008ac8     0x1c87 Drivers/STM32F4xx_HAL_Driver/stm32f4xx_hal_i2c.o
 .debug_line    0x0000a74f      0xc9f Drivers/STM32F4xx_HAL_Driver/stm32f4xx_hal_rcc.o
 .debug_line    0x0000b3ee     0x2a06 Drivers/STM32F4xx_HAL_Driver/stm32f4xx_hal_tim.o
 .debug_line    0x0000ddf4     0x1193 Drivers/STM32F4xx_HAL_Driver/stm32f4xx_hal_tim_ex.o
 .debug_line    0x0000ef87     0x116e Drivers/STM32F4xx_HAL_Driver/stm32f4xx_hal_uart.o

.debug_info     0x00000000    0x13970
 .debug_info    0x00000000      0x122 Application/SW4STM32/startup_stm32f401xe.o
 .debug_info    0x00000122      0x553 Application/User/dma.o
 .debug_info    0x00000675      0x4da Application/User/gpio.o
 .debug_info    0x00000b4f      0xc45 Application/User/i2c.o
 .debug_info    0x00001794      0x206 Application/User/leds_handler.o
 .debug_info    0x0000199a      0x859 Application/User/main.o
 .debug_info    0x000021f3      0x35e Application/User/stm32f4xx_hal_msp.o
 .debug_info    0x00002551      0xcaa Application/User/stm32f4xx_it.o
 .debug_info    0x000031fb     0x1801 Application/User/tim.o
 .debug_info    0x000049fc      0xcaa Application/User/usart.o
 .debug_info    0x000056a6      0x4da Drivers/CMSIS/system_stm32f4xx.o
 .debug_info    0x00005b80      0x86e Drivers/STM32F4xx_HAL_Driver/stm32f4xx_hal.o
 .debug_info    0x000063ee     0x1069 Drivers/STM32F4xx_HAL_Driver/stm32f4xx_hal_cortex.o
 .debug_info    0x00007457      0xbe6 Drivers/STM32F4xx_HAL_Driver/stm32f4xx_hal_dma.o
 .debug_info    0x0000803d      0x8ae Drivers/STM32F4xx_HAL_Driver/stm32f4xx_hal_gpio.o
 .debug_info    0x000088eb     0x3378 Drivers/STM32F4xx_HAL_Driver/stm32f4xx_hal_i2c.o
 .debug_info    0x0000bc63      0xf4a Drivers/STM32F4xx_HAL_Driver/stm32f4xx_hal_rcc.o
 .debug_info    0x0000cbad     0x4050 Drivers/STM32F4xx_HAL_Driver/stm32f4xx_hal_tim.o
 .debug_info    0x00010bfd     0x1823 Drivers/STM32F4xx_HAL_Driver/stm32f4xx_hal_tim_ex.o
 .debug_info    0x00012420     0x1550 Drivers/STM32F4xx_HAL_Driver/stm32f4xx_hal_uart.o

.debug_abbrev   0x00000000     0x286f
 .debug_abbrev  0x00000000       0x12 Application/SW4STM32/startup_stm32f401xe.o
 .debug_abbrev  0x00000012      0x12f Application/User/dma.o
 .debug_abbrev  0x00000141      0x151 Application/User/gpio.o
 .debug_abbrev  0x00000292      0x1cb Application/User/i2c.o
 .debug_abbrev  0x0000045d      0x120 Application/User/leds_handler.o
 .debug_abbrev  0x0000057d      0x1c6 Application/User/main.o
 .debug_abbrev  0x00000743       0xc5 Application/User/stm32f4xx_hal_msp.o
 .debug_abbrev  0x00000808      0x1be Application/User/stm32f4xx_it.o
 .debug_abbrev  0x000009c6      0x274 Application/User/tim.o
 .debug_abbrev  0x00000c3a      0x1cd Application/User/usart.o
 .debug_abbrev  0x00000e07      0x104 Drivers/CMSIS/system_stm32f4xx.o
 .debug_abbrev  0x00000f0b      0x272 Drivers/STM32F4xx_HAL_Driver/stm32f4xx_hal.o
 .debug_abbrev  0x0000117d      0x34d Drivers/STM32F4xx_HAL_Driver/stm32f4xx_hal_cortex.o
 .debug_abbrev  0x000014ca      0x2c8 Drivers/STM32F4xx_HAL_Driver/stm32f4xx_hal_dma.o
 .debug_abbrev  0x00001792      0x202 Drivers/STM32F4xx_HAL_Driver/stm32f4xx_hal_gpio.o
 .debug_abbrev  0x00001994      0x33c Drivers/STM32F4xx_HAL_Driver/stm32f4xx_hal_i2c.o
 .debug_abbrev  0x00001cd0      0x332 Drivers/STM32F4xx_HAL_Driver/stm32f4xx_hal_rcc.o
 .debug_abbrev  0x00002002      0x307 Drivers/STM32F4xx_HAL_Driver/stm32f4xx_hal_tim.o
 .debug_abbrev  0x00002309      0x268 Drivers/STM32F4xx_HAL_Driver/stm32f4xx_hal_tim_ex.o
 .debug_abbrev  0x00002571      0x2fe Drivers/STM32F4xx_HAL_Driver/stm32f4xx_hal_uart.o

.debug_aranges  0x00000000      0xb80
 .debug_aranges
                0x00000000       0x28 Application/SW4STM32/startup_stm32f401xe.o
 .debug_aranges
                0x00000028       0x20 Application/User/dma.o
 .debug_aranges
                0x00000048       0x20 Application/User/gpio.o
 .debug_aranges
                0x00000068       0x30 Application/User/i2c.o
 .debug_aranges
                0x00000098       0x28 Application/User/leds_handler.o
 .debug_aranges
                0x000000c0       0x38 Application/User/main.o
 .debug_aranges
                0x000000f8       0x20 Application/User/stm32f4xx_hal_msp.o
 .debug_aranges
                0x00000118       0x88 Application/User/stm32f4xx_it.o
 .debug_aranges
                0x000001a0       0x78 Application/User/tim.o
 .debug_aranges
                0x00000218       0x38 Application/User/usart.o
 .debug_aranges
                0x00000250       0x28 Drivers/CMSIS/system_stm32f4xx.o
 .debug_aranges
                0x00000278       0xb8 Drivers/STM32F4xx_HAL_Driver/stm32f4xx_hal.o
 .debug_aranges
                0x00000330       0x98 Drivers/STM32F4xx_HAL_Driver/stm32f4xx_hal_cortex.o
 .debug_aranges
                0x000003c8       0x80 Drivers/STM32F4xx_HAL_Driver/stm32f4xx_hal_dma.o
 .debug_aranges
                0x00000448       0x58 Drivers/STM32F4xx_HAL_Driver/stm32f4xx_hal_gpio.o
 .debug_aranges
                0x000004a0      0x198 Drivers/STM32F4xx_HAL_Driver/stm32f4xx_hal_i2c.o
 .debug_aranges
                0x00000638       0x80 Drivers/STM32F4xx_HAL_Driver/stm32f4xx_hal_rcc.o
 .debug_aranges
                0x000006b8      0x280 Drivers/STM32F4xx_HAL_Driver/stm32f4xx_hal_tim.o
 .debug_aranges
                0x00000938      0x128 Drivers/STM32F4xx_HAL_Driver/stm32f4xx_hal_tim_ex.o
 .debug_aranges
                0x00000a60      0x120 Drivers/STM32F4xx_HAL_Driver/stm32f4xx_hal_uart.o

.debug_ranges   0x00000000      0xec0
 .debug_ranges  0x00000000       0x20 Application/SW4STM32/startup_stm32f401xe.o
 .debug_ranges  0x00000020       0x30 Application/User/dma.o
 .debug_ranges  0x00000050       0x40 Application/User/gpio.o
 .debug_ranges  0x00000090       0x48 Application/User/i2c.o
 .debug_ranges  0x000000d8       0x18 Application/User/leds_handler.o
 .debug_ranges  0x000000f0       0x60 Application/User/main.o
 .debug_ranges  0x00000150       0x10 Application/User/stm32f4xx_hal_msp.o
 .debug_ranges  0x00000160       0x78 Application/User/stm32f4xx_it.o
 .debug_ranges  0x000001d8      0x120 Application/User/tim.o
 .debug_ranges  0x000002f8       0x60 Application/User/usart.o
 .debug_ranges  0x00000358       0x18 Drivers/CMSIS/system_stm32f4xx.o
 .debug_ranges  0x00000370       0xa8 Drivers/STM32F4xx_HAL_Driver/stm32f4xx_hal.o
 .debug_ranges  0x00000418      0x120 Drivers/STM32F4xx_HAL_Driver/stm32f4xx_hal_cortex.o
 .debug_ranges  0x00000538       0x90 Drivers/STM32F4xx_HAL_Driver/stm32f4xx_hal_dma.o
 .debug_ranges  0x000005c8       0x60 Drivers/STM32F4xx_HAL_Driver/stm32f4xx_hal_gpio.o
 .debug_ranges  0x00000628      0x1b8 Drivers/STM32F4xx_HAL_Driver/stm32f4xx_hal_i2c.o
 .debug_ranges  0x000007e0      0x158 Drivers/STM32F4xx_HAL_Driver/stm32f4xx_hal_rcc.o
 .debug_ranges  0x00000938      0x348 Drivers/STM32F4xx_HAL_Driver/stm32f4xx_hal_tim.o
 .debug_ranges  0x00000c80      0x118 Drivers/STM32F4xx_HAL_Driver/stm32f4xx_hal_tim_ex.o
 .debug_ranges  0x00000d98      0x128 Drivers/STM32F4xx_HAL_Driver/stm32f4xx_hal_uart.o

.debug_macro    0x00000000    0x1127f
 .debug_macro   0x00000000      0x301 Application/User/dma.o
 .debug_macro   0x00000301      0x89e Application/User/dma.o
 .debug_macro   0x00000b9f       0xa6 Application/User/dma.o
 .debug_macro   0x00000c45      0x1bd Application/User/dma.o
 .debug_macro   0x00000e02       0x31 Application/User/dma.o
 .debug_macro   0x00000e33       0x28 Application/User/dma.o
 .debug_macro   0x00000e5b       0x22 Application/User/dma.o
 .debug_macro   0x00000e7d       0x44 Application/User/dma.o
 .debug_macro   0x00000ec1       0xfd Application/User/dma.o
 .debug_macro   0x00000fbe       0x22 Application/User/dma.o
 .debug_macro   0x00000fe0      0x1df Application/User/dma.o
 .debug_macro   0x000011bf       0x35 Application/User/dma.o
 .debug_macro   0x000011f4       0x50 Application/User/dma.o
 .debug_macro   0x00001244      0xe66 Application/User/dma.o
 .debug_macro   0x000020aa     0x5099 Application/User/dma.o
 .debug_macro   0x00007143       0x43 Application/User/dma.o
 .debug_macro   0x00007186     0x347f Application/User/dma.o
 .debug_macro   0x0000a605       0x58 Application/User/dma.o
 .debug_macro   0x0000a65d       0x35 Application/User/dma.o
 .debug_macro   0x0000a692       0x9c Application/User/dma.o
 .debug_macro   0x0000a72e       0x16 Application/User/dma.o
 .debug_macro   0x0000a744       0x97 Application/User/dma.o
 .debug_macro   0x0000a7db      0x329 Application/User/dma.o
 .debug_macro   0x0000ab04       0xfd Application/User/dma.o
 .debug_macro   0x0000ac01       0x10 Application/User/dma.o
 .debug_macro   0x0000ac11       0x52 Application/User/dma.o
 .debug_macro   0x0000ac63       0x16 Application/User/dma.o
 .debug_macro   0x0000ac79       0x43 Application/User/dma.o
 .debug_macro   0x0000acbc      0x187 Application/User/dma.o
 .debug_macro   0x0000ae43       0x10 Application/User/dma.o
 .debug_macro   0x0000ae53       0x22 Application/User/dma.o
 .debug_macro   0x0000ae75       0x3a Application/User/dma.o
 .debug_macro   0x0000aeaf       0x10 Application/User/dma.o
 .debug_macro   0x0000aebf       0x40 Application/User/dma.o
 .debug_macro   0x0000aeff       0x65 Application/User/dma.o
 .debug_macro   0x0000af64       0x16 Application/User/dma.o
 .debug_macro   0x0000af7a      0x197 Application/User/dma.o
 .debug_macro   0x0000b111       0x50 Application/User/dma.o
 .debug_macro   0x0000b161      0x424 Application/User/dma.o
 .debug_macro   0x0000b585      0x9e1 Application/User/dma.o
 .debug_macro   0x0000bf66      0x11e Application/User/dma.o
 .debug_macro   0x0000c084       0xf8 Application/User/dma.o
 .debug_macro   0x0000c17c       0x27 Application/User/dma.o
 .debug_macro   0x0000c1a3      0x287 Application/User/dma.o
 .debug_macro   0x0000c42a       0x5f Application/User/dma.o
 .debug_macro   0x0000c489      0x23a Application/User/dma.o
 .debug_macro   0x0000c6c3      0x13a Application/User/dma.o
 .debug_macro   0x0000c7fd      0x264 Application/User/dma.o
 .debug_macro   0x0000ca61       0x2e Application/User/dma.o
 .debug_macro   0x0000ca8f      0x1a7 Application/User/dma.o
 .debug_macro   0x0000cc36       0x22 Application/User/dma.o
 .debug_macro   0x0000cc58       0xa5 Application/User/dma.o
 .debug_macro   0x0000ccfd      0x11e Application/User/dma.o
 .debug_macro   0x0000ce1b       0x85 Application/User/dma.o
 .debug_macro   0x0000cea0       0x89 Application/User/dma.o
 .debug_macro   0x0000cf29      0x6d9 Application/User/dma.o
 .debug_macro   0x0000d602       0x5b Application/User/dma.o
 .debug_macro   0x0000d65d      0x14d Application/User/dma.o
 .debug_macro   0x0000d7aa      0x287 Application/User/dma.o
 .debug_macro   0x0000da31      0x11e Application/User/dma.o
 .debug_macro   0x0000db4f      0x301 Application/User/gpio.o
 .debug_macro   0x0000de50      0x30b Application/User/i2c.o
 .debug_macro   0x0000e15b      0x314 Application/User/leds_handler.o
 .debug_macro   0x0000e46f       0x10 Application/User/leds_handler.o
 .debug_macro   0x0000e47f      0x33c Application/User/main.o
 .debug_macro   0x0000e7bb      0x2f7 Application/User/stm32f4xx_hal_msp.o
 .debug_macro   0x0000eab2      0x301 Application/User/stm32f4xx_it.o
 .debug_macro   0x0000edb3      0x30b Application/User/tim.o
 .debug_macro   0x0000f0be      0x315 Application/User/usart.o
 .debug_macro   0x0000f3d3      0x2fd Drivers/CMSIS/system_stm32f4xx.o
 .debug_macro   0x0000f6d0      0x345 Drivers/STM32F4xx_HAL_Driver/stm32f4xx_hal.o
 .debug_macro   0x0000fa15      0x2f7 Drivers/STM32F4xx_HAL_Driver/stm32f4xx_hal_cortex.o
 .debug_macro   0x0000fd0c      0x2fe Drivers/STM32F4xx_HAL_Driver/stm32f4xx_hal_dma.o
 .debug_macro   0x0001000a      0x32f Drivers/STM32F4xx_HAL_Driver/stm32f4xx_hal_gpio.o
 .debug_macro   0x00010339      0x33e Drivers/STM32F4xx_HAL_Driver/stm32f4xx_hal_i2c.o
 .debug_macro   0x00010677      0x321 Drivers/STM32F4xx_HAL_Driver/stm32f4xx_hal_rcc.o
 .debug_macro   0x00010998      0x2f8 Drivers/STM32F4xx_HAL_Driver/stm32f4xx_hal_tim.o
 .debug_macro   0x00010c90      0x2f7 Drivers/STM32F4xx_HAL_Driver/stm32f4xx_hal_tim_ex.o
 .debug_macro   0x00010f87      0x2f8 Drivers/STM32F4xx_HAL_Driver/stm32f4xx_hal_uart.o

.debug_str      0x00000000    0x5bd58
 .debug_str     0x00000000    0x57d88 Application/User/dma.o
                              0x5801c (size before relaxing)
 .debug_str     0x00057d88      0x112 Application/User/gpio.o
                              0x57d28 (size before relaxing)
 .debug_str     0x00057e9a      0x577 Application/User/i2c.o
                              0x5862a (size before relaxing)
 .debug_str     0x00058411       0x6b Application/User/leds_handler.o
                              0x57be8 (size before relaxing)
 .debug_str     0x0005847c      0x27c Application/User/main.o
                              0x58302 (size before relaxing)
 .debug_str     0x000586f8       0x88 Application/User/stm32f4xx_hal_msp.o
                              0x57f16 (size before relaxing)
 .debug_str     0x00058780      0x577 Application/User/stm32f4xx_it.o
                              0x585a3 (size before relaxing)
 .debug_str     0x00058cf7      0x3f1 Application/User/tim.o
                              0x5896c (size before relaxing)
 .debug_str     0x000590e8       0xb3 Application/User/usart.o
                              0x585cd (size before relaxing)
 .debug_str     0x0005919b      0x142 Drivers/CMSIS/system_stm32f4xx.o
                              0x57d5d (size before relaxing)
 .debug_str     0x000592dd      0x4be Drivers/STM32F4xx_HAL_Driver/stm32f4xx_hal.o
                              0x585bd (size before relaxing)
 .debug_str     0x0005979b      0x330 Drivers/STM32F4xx_HAL_Driver/stm32f4xx_hal_cortex.o
                              0x58438 (size before relaxing)
 .debug_str     0x00059acb      0x343 Drivers/STM32F4xx_HAL_Driver/stm32f4xx_hal_dma.o
                              0x5814d (size before relaxing)
 .debug_str     0x00059e0e      0x280 Drivers/STM32F4xx_HAL_Driver/stm32f4xx_hal_gpio.o
                              0x57fc2 (size before relaxing)
 .debug_str     0x0005a08e      0x9d2 Drivers/STM32F4xx_HAL_Driver/stm32f4xx_hal_i2c.o
                              0x58aaf (size before relaxing)
 .debug_str     0x0005aa60      0x24d Drivers/STM32F4xx_HAL_Driver/stm32f4xx_hal_rcc.o
                              0x58151 (size before relaxing)
 .debug_str     0x0005acad      0x95e Drivers/STM32F4xx_HAL_Driver/stm32f4xx_hal_tim.o
                              0x58b4c (size before relaxing)
 .debug_str     0x0005b60b      0x3de Drivers/STM32F4xx_HAL_Driver/stm32f4xx_hal_tim_ex.o
                              0x585b6 (size before relaxing)
 .debug_str     0x0005b9e9      0x36f Drivers/STM32F4xx_HAL_Driver/stm32f4xx_hal_uart.o
                              0x583b6 (size before relaxing)

.comment        0x00000000       0x6e
 .comment       0x00000000       0x6e Application/User/dma.o
                                 0x6f (size before relaxing)
 .comment       0x0000006e       0x6f Application/User/gpio.o
 .comment       0x0000006e       0x6f Application/User/i2c.o
 .comment       0x0000006e       0x6f Application/User/leds_handler.o
 .comment       0x0000006e       0x6f Application/User/main.o
 .comment       0x0000006e       0x6f Application/User/stm32f4xx_hal_msp.o
 .comment       0x0000006e       0x6f Application/User/stm32f4xx_it.o
 .comment       0x0000006e       0x6f Application/User/tim.o
 .comment       0x0000006e       0x6f Application/User/usart.o
 .comment       0x0000006e       0x6f Drivers/CMSIS/system_stm32f4xx.o
 .comment       0x0000006e       0x6f Drivers/STM32F4xx_HAL_Driver/stm32f4xx_hal.o
 .comment       0x0000006e       0x6f Drivers/STM32F4xx_HAL_Driver/stm32f4xx_hal_cortex.o
 .comment       0x0000006e       0x6f Drivers/STM32F4xx_HAL_Driver/stm32f4xx_hal_dma.o
 .comment       0x0000006e       0x6f Drivers/STM32F4xx_HAL_Driver/stm32f4xx_hal_gpio.o
 .comment       0x0000006e       0x6f Drivers/STM32F4xx_HAL_Driver/stm32f4xx_hal_i2c.o
 .comment       0x0000006e       0x6f Drivers/STM32F4xx_HAL_Driver/stm32f4xx_hal_rcc.o
 .comment       0x0000006e       0x6f Drivers/STM32F4xx_HAL_Driver/stm32f4xx_hal_tim.o
 .comment       0x0000006e       0x6f Drivers/STM32F4xx_HAL_Driver/stm32f4xx_hal_tim_ex.o
 .comment       0x0000006e       0x6f Drivers/STM32F4xx_HAL_Driver/stm32f4xx_hal_uart.o

.debug_frame    0x00000000     0x2340
 .debug_frame   0x00000000       0x2c Application/User/dma.o
 .debug_frame   0x0000002c       0x38 Application/User/gpio.o
 .debug_frame   0x00000064       0x74 Application/User/i2c.o
 .debug_frame   0x000000d8       0x30 Application/User/leds_handler.o
 .debug_frame   0x00000108       0x68 Application/User/main.o
 .debug_frame   0x00000170       0x2c Application/User/stm32f4xx_hal_msp.o
 .debug_frame   0x0000019c      0x118 Application/User/stm32f4xx_it.o
 .debug_frame   0x000002b4      0x164 Application/User/tim.o
 .debug_frame   0x00000418       0x9c Application/User/usart.o
 .debug_frame   0x000004b4       0x30 Drivers/CMSIS/system_stm32f4xx.o
 .debug_frame   0x000004e4      0x184 Drivers/STM32F4xx_HAL_Driver/stm32f4xx_hal.o
 .debug_frame   0x00000668      0x180 Drivers/STM32F4xx_HAL_Driver/stm32f4xx_hal_cortex.o
 .debug_frame   0x000007e8      0x158 Drivers/STM32F4xx_HAL_Driver/stm32f4xx_hal_dma.o
 .debug_frame   0x00000940       0xfc Drivers/STM32F4xx_HAL_Driver/stm32f4xx_hal_gpio.o
 .debug_frame   0x00000a3c      0x690 Drivers/STM32F4xx_HAL_Driver/stm32f4xx_hal_i2c.o
 .debug_frame   0x000010cc      0x13c Drivers/STM32F4xx_HAL_Driver/stm32f4xx_hal_rcc.o
 .debug_frame   0x00001208      0x9a0 Drivers/STM32F4xx_HAL_Driver/stm32f4xx_hal_tim.o
 .debug_frame   0x00001ba8      0x3e0 Drivers/STM32F4xx_HAL_Driver/stm32f4xx_hal_tim_ex.o
 .debug_frame   0x00001f88      0x38c Drivers/STM32F4xx_HAL_Driver/stm32f4xx_hal_uart.o
 .debug_frame   0x00002314       0x2c /home/myzhar/Ac6/SystemWorkbench/plugins/fr.ac6.mcu.externaltools.arm-none.linux64_1.7.0.201602291252/tools/compiler/bin/../lib/gcc/arm-none-eabi/5.2.1/../../../../arm-none-eabi/lib/armv7e-m/fpu/libc_nano.a(lib_a-init.o)

.debug_loc      0x00000000     0x92a6
 .debug_loc     0x00000000       0x4d Application/User/i2c.o
 .debug_loc     0x0000004d       0x21 Application/User/leds_handler.o
 .debug_loc     0x0000006e      0x191 Application/User/tim.o
 .debug_loc     0x000001ff       0x9d Application/User/usart.o
 .debug_loc     0x0000029c       0xd7 Drivers/CMSIS/system_stm32f4xx.o
 .debug_loc     0x00000373       0x92 Drivers/STM32F4xx_HAL_Driver/stm32f4xx_hal.o
 .debug_loc     0x00000405      0x562 Drivers/STM32F4xx_HAL_Driver/stm32f4xx_hal_cortex.o
 .debug_loc     0x00000967      0x723 Drivers/STM32F4xx_HAL_Driver/stm32f4xx_hal_dma.o
 .debug_loc     0x0000108a      0x530 Drivers/STM32F4xx_HAL_Driver/stm32f4xx_hal_gpio.o
 .debug_loc     0x000015ba     0x2c9b Drivers/STM32F4xx_HAL_Driver/stm32f4xx_hal_i2c.o
 .debug_loc     0x00004255      0x42c Drivers/STM32F4xx_HAL_Driver/stm32f4xx_hal_rcc.o
 .debug_loc     0x00004681     0x2df9 Drivers/STM32F4xx_HAL_Driver/stm32f4xx_hal_tim.o
 .debug_loc     0x0000747a      0xc82 Drivers/STM32F4xx_HAL_Driver/stm32f4xx_hal_tim_ex.o
 .debug_loc     0x000080fc     0x11aa Drivers/STM32F4xx_HAL_Driver/stm32f4xx_hal_uart.o
